
> frontend@0.1.0 build
> next build --webpack

▲ Next.js 16.2.9 (webpack)
- Environments: .env.local

  Creating an optimized production build ...
✓ Compiled successfully in 14.1s
  Running TypeScript ...
  Finished TypeScript in 5.3s ...
  Collecting page data using 5 workers ...
  Generating static pages using 5 workers (0/4) ...
  Generating static pages using 5 workers (1/4) 
  Generating static pages using 5 workers (2/4) 
  Generating static pages using 5 workers (3/4) 
✓ Generating static pages using 5 workers (4/4) in 2.5s
  Finalizing page optimization ...
  Collecting build traces ...

Route (app)
┌ ○ /
└ ○ /_not-found


○  (Static)  prerendered as static content

