[transformers] You passed `num_labels=2` which is incompatible to the `id2label` map of length `1000`.
Reprojected scene to EPSG:4326 -> backend\data\uploads\mauritius_wgs84.tif
Scene: mauritius_wgs84.tif  shape=(2, 721, 897)  range=[-39.28, 0.00]  format=dB
  band 0: dB → converted to linear
  band 1: dB → converted to linear
→ 4 chips saved to backend\data\uploads\mauritius_wgs84_chips
[GFW fetch warning] 401 Client Error: Unauthorized for url: https://gateway.api.globalfishingwatch.org/v3/events?types%5B0%5D=GAP&datasets%5B0%5D=public-global-gaps-events%3Alatest&start-date=2020-08-11&end-date=2020-08-12&limit=500&offset=0
Loading weights:   0%|          | 0/1156 [00:00<?, ?it/s]Loading weights: 100%|##########| 1156/1156 [00:00<00:00, 41587.60it/s]
[transformers] [1mSegformerForSemanticSegmentation LOAD REPORT[0m from: nvidia/mit-b5
Key                                                     | Status     | 
--------------------------------------------------------+------------+-
classifier.weight                                       | UNEXPECTED | 
classifier.bias                                         | UNEXPECTED | 
decode_head.classifier.weight                           | MISSING    | 
decode_head.batch_norm.weight                           | MISSING    | 
decode_head.batch_norm.running_mean                     | MISSING    | 
decode_head.linear_projections.{0, 1, 2, 3}.proj.weight | MISSING    | 
decode_head.linear_projections.{0, 1, 2, 3}.proj.bias   | MISSING    | 
decode_head.batch_norm.num_batches_tracked              | MISSING    | 
decode_head.classifier.bias                             | MISSING    | 
decode_head.batch_norm.bias                             | MISSING    | 
decode_head.batch_norm.running_var                      | MISSING    | 
decode_head.linear_fuse.weight                          | MISSING    | 

Notes:
- UNEXPECTED:	can be ignored when loading from different task/architecture; not ok if you expect identical arch.
- MISSING:	those params were newly initialized because missing from the checkpoint. Consider training on your downstream task.
Wrote case study -> backend\data\case_studies\mauritius
